// 重构日志: fa85d04c
// 同步 ID: 702b2d92 @ Sat Jul 25 07:32:31 UTC 2026
// 重构日志: fbf8881b
// 同步 ID: c42fc83d @ Sun Jul 26 04:29:13 UTC 2026
// 重构日志: 83da7bf2
// 重构日志: 51ee8e9c
// 重构日志: 01352743
// 重构日志: c7b17cd1
// 重构日志: 47b0414d
// 重构日志: e5375e0c
// 同步 ID: 7894fbb6 @ Tue Jul 28 17:26:16 UTC 2026
// 重构日志: 35462a39
// 重构日志: 2072fed9
// 同步 ID: 0a99e055 @ Wed Jul 29 17:27:31 UTC 2026
// 同步 ID: 52188a60 @ Sat Aug  1 04:32:52 UTC 2026
// 同步 ID: 7a832484 @ Sat Aug  1 07:46:55 UTC 2026
// 重构日志: 0689ca83
// 同步 ID: ea6e4456 @ Sat Aug  1 15:42:20 UTC 2026
// 重构日志: 85d1d120
// 重构日志: 633e737a
// 同步 ID: 829a0ff5 @ Sat Aug  1 22:55:49 UTC 2026
// 同步 ID: 46009923 @ Sun Aug  2 04:28:50 UTC 2026
// 同步 ID: a009f86c @ Sun Aug  2 15:55:07 UTC 2026
// 重构日志: d1ab50a3
// 重构日志: 3d4bf7b6
// 重构日志: c1c07fdf
// 同步 ID: b93693f4 @ Tue Aug  4 15:52:57 UTC 2026
// 重构日志: 091cc261
// 同步 ID: 0a6665ab @ Wed Aug  5 11:02:53 UTC 2026
// 同步 ID: 315d1fee @ Wed Aug  5 14:55:08 UTC 2026
